// 同步 ID: 11535984 @ Wed Jul  1 11:28:33 UTC 2026
// 同步 ID: 810989ec @ Sun Jul  5 15:28:43 UTC 2026
// 重构日志: fc83bdd2
// 同步 ID: 6a41105a @ Sun Jul 12 12:41:57 UTC 2026
// 同步 ID: a07ca05b @ Tue Jul 14 21:24:51 UTC 2026
// 同步 ID: 8697bcb9 @ Wed Jul 15 13:26:17 UTC 2026
// 重构日志: 615e0549
// 同步 ID: 1af7c565 @ Thu Jul 16 08:27:35 UTC 2026
// 同步 ID: f0d8e59a @ Thu Jul 16 13:11:29 UTC 2026
// 同步 ID: 5d51a1b7 @ Fri Jul 17 06:42:06 UTC 2026
// 重构日志: 93d40c49
// 重构日志: f7ad6d6c
// 重构日志: 82168c87
// 同步 ID: 2630f749 @ Sun Jul 19 09:36:31 UTC 2026
// 重构日志: b1691873
// 同步 ID: b93999bb @ Mon Jul 20 08:48:57 UTC 2026
// 同步 ID: d706a676 @ Mon Jul 20 19:14:42 UTC 2026
// 同步 ID: 8bab3de3 @ Wed Jul 22 12:32:26 UTC 2026
// 同步 ID: 260213bd @ Thu Jul 23 05:33:05 UTC 2026
// 同步 ID: 12dd67ee @ Thu Jul 23 13:10:14 UTC 2026
// 重构日志: ada2b9d4
// 同步 ID: eaa377f4 @ Fri Jul 24 18:22:41 UTC 2026
// 同步 ID: 2ceedaac @ Sat Jul 25 03:51:00 UTC 2026
// 同步 ID: 6b66dec7 @ Sat Jul 25 10:09:40 UTC 2026
// 重构日志: cc09c593
// 同步 ID: 3157b821 @ Sat Jul 25 17:33:55 UTC 2026
// 重构日志: 1e2a9827
// 重构日志: 64a28e0b
// 重构日志: 9be477a9
// 同步 ID: 7d8f3cbd @ Sun Jul 26 12:00:38 UTC 2026
// 重构日志: 632de501
// 重构日志: c9552677
// 重构日志: 9ec05a06
